2026-05-28 16:29:39 CRITICAL exceptions Unhandled exception on http://127.0.0.1:8000/metrics: (pymysql.err.ProgrammingError) (1146, "Table 'Maindb.users' doesn't exist")
[SQL: SELECT count(*) AS count_1 
FROM (SELECT users.id AS users_id, users.name AS users_name, users.email AS users_email, users.hashed_password AS users_hashed_password, users.age AS users_age, users.is_active AS users_is_active, users.api_key AS users_api_key, users.created_at AS users_created_at 
FROM users) AS anon_1]
(Background on this error at: https://sqlalche.me/e/20/f405)
Traceback (most recent call last):
  File "/home/miracle/Downloads/app/.venv/lib/python3.10/site-packages/sqlalchemy/engine/base.py", line 1967, in _exec_single_context
    self.dialect.do_execute(
  File "/home/miracle/Downloads/app/.venv/lib/python3.10/site-packages/sqlalchemy/engine/default.py", line 924, in do_execute
    cursor.execute(statement, parameters)
  File "/home/miracle/Downloads/app/.venv/lib/python3.10/site-packages/pymysql/cursors.py", line 159, in execute
    result = self._query(query)
  File "/home/miracle/Downloads/app/.venv/lib/python3.10/site-packages/pymysql/cursors.py", line 330, in _query
    conn.query(q)
  File "/home/miracle/Downloads/app/.venv/lib/python3.10/site-packages/pymysql/connections.py", line 582, in query
    self._affected_rows = self._read_query_result(unbuffered=unbuffered)
  File "/home/miracle/Downloads/app/.venv/lib/python3.10/site-packages/pymysql/connections.py", line 847, in _read_query_result
    result.read()
  File "/home/miracle/Downloads/app/.venv/lib/python3.10/site-packages/pymysql/connections.py", line 1245, in read
    first_packet = self.connection._read_packet()
  File "/home/miracle/Downloads/app/.venv/lib/python3.10/site-packages/pymysql/connections.py", line 803, in _read_packet
    packet.raise_for_error()
  File "/home/miracle/Downloads/app/.venv/lib/python3.10/site-packages/pymysql/protocol.py", line 219, in raise_for_error
    err.raise_mysql_exception(self._data)
  File "/home/miracle/Downloads/app/.venv/lib/python3.10/site-packages/pymysql/err.py", line 154, in raise_mysql_exception
    raise errorclass(errno, errval, sqlstate=sqlstate)
pymysql.err.ProgrammingError: (1146, "Table 'Maindb.users' doesn't exist")

The above exception was the direct cause of the following exception:

Traceback (most recent call last):
  File "/home/miracle/Downloads/app/.venv/lib/python3.10/site-packages/starlette/middleware/errors.py", line 164, in __call__
    await self.app(scope, receive, _send)
  File "/home/miracle/Downloads/app/.venv/lib/python3.10/site-packages/starlette/middleware/base.py", line 189, in __call__
    with collapse_excgroups():
  File "/usr/lib/python3.10/contextlib.py", line 153, in __exit__
    self.gen.throw(typ, value, traceback)
  File "/home/miracle/Downloads/app/.venv/lib/python3.10/site-packages/starlette/_utils.py", line 93, in collapse_excgroups
    raise exc
  File "/home/miracle/Downloads/app/.venv/lib/python3.10/site-packages/starlette/middleware/base.py", line 191, in __call__
    response = await self.dispatch_func(request, call_next)
  File "/home/miracle/Downloads/app/middleware/middlewares.py", line 21, in dispatch
    response = await call_next(request)
  File "/home/miracle/Downloads/app/.venv/lib/python3.10/site-packages/starlette/middleware/base.py", line 165, in call_next
    raise app_exc
  File "/home/miracle/Downloads/app/.venv/lib/python3.10/site-packages/starlette/middleware/base.py", line 151, in coro
    await self.app(scope, receive_or_disconnect, send_no_error)
  File "/home/miracle/Downloads/app/.venv/lib/python3.10/site-packages/starlette/middleware/base.py", line 189, in __call__
    with collapse_excgroups():
  File "/usr/lib/python3.10/contextlib.py", line 153, in __exit__
    self.gen.throw(typ, value, traceback)
  File "/home/miracle/Downloads/app/.venv/lib/python3.10/site-packages/starlette/_utils.py", line 93, in collapse_excgroups
    raise exc
  File "/home/miracle/Downloads/app/.venv/lib/python3.10/site-packages/starlette/middleware/base.py", line 191, in __call__
    response = await self.dispatch_func(request, call_next)
  File "/home/miracle/Downloads/app/middleware/middlewares.py", line 31, in dispatch
    response = await call_next(request)
  File "/home/miracle/Downloads/app/.venv/lib/python3.10/site-packages/starlette/middleware/base.py", line 165, in call_next
    raise app_exc
  File "/home/miracle/Downloads/app/.venv/lib/python3.10/site-packages/starlette/middleware/base.py", line 151, in coro
    await self.app(scope, receive_or_disconnect, send_no_error)
  File "/home/miracle/Downloads/app/.venv/lib/python3.10/site-packages/starlette/middleware/trustedhost.py", line 36, in __call__
    await self.app(scope, receive, send)
  File "/home/miracle/Downloads/app/.venv/lib/python3.10/site-packages/starlette/middleware/gzip.py", line 24, in __call__
    await responder(scope, receive, send)
  File "/home/miracle/Downloads/app/.venv/lib/python3.10/site-packages/starlette/middleware/gzip.py", line 44, in __call__
    await self.app(scope, receive, self.send_with_gzip)
  File "/home/miracle/Downloads/app/.venv/lib/python3.10/site-packages/starlette/middleware/cors.py", line 85, in __call__
    await self.app(scope, receive, send)
  File "/home/miracle/Downloads/app/.venv/lib/python3.10/site-packages/starlette/middleware/exceptions.py", line 65, in __call__
    await wrap_app_handling_exceptions(self.app, conn)(scope, receive, send)
  File "/home/miracle/Downloads/app/.venv/lib/python3.10/site-packages/starlette/_exception_handler.py", line 64, in wrapped_app
    raise exc
  File "/home/miracle/Downloads/app/.venv/lib/python3.10/site-packages/starlette/_exception_handler.py", line 53, in wrapped_app
    await app(scope, receive, sender)
  File "/home/miracle/Downloads/app/.venv/lib/python3.10/site-packages/starlette/routing.py", line 756, in __call__
    await self.middleware_stack(scope, receive, send)
  File "/home/miracle/Downloads/app/.venv/lib/python3.10/site-packages/starlette/routing.py", line 776, in app
    await route.handle(scope, receive, send)
  File "/home/miracle/Downloads/app/.venv/lib/python3.10/site-packages/starlette/routing.py", line 297, in handle
    await self.app(scope, receive, send)
  File "/home/miracle/Downloads/app/.venv/lib/python3.10/site-packages/starlette/routing.py", line 77, in app
    await wrap_app_handling_exceptions(app, request)(scope, receive, send)
  File "/home/miracle/Downloads/app/.venv/lib/python3.10/site-packages/starlette/_exception_handler.py", line 64, in wrapped_app
    raise exc
  File "/home/miracle/Downloads/app/.venv/lib/python3.10/site-packages/starlette/_exception_handler.py", line 53, in wrapped_app
    await app(scope, receive, sender)
  File "/home/miracle/Downloads/app/.venv/lib/python3.10/site-packages/starlette/routing.py", line 72, in app
    response = await func(request)
  File "/home/miracle/Downloads/app/.venv/lib/python3.10/site-packages/fastapi/routing.py", line 278, in app
    raw_response = await run_endpoint_function(
  File "/home/miracle/Downloads/app/.venv/lib/python3.10/site-packages/fastapi/routing.py", line 193, in run_endpoint_function
    return await run_in_threadpool(dependant.call, **values)
  File "/home/miracle/Downloads/app/.venv/lib/python3.10/site-packages/starlette/concurrency.py", line 42, in run_in_threadpool
    return await anyio.to_thread.run_sync(func, *args)
  File "/home/miracle/Downloads/app/.venv/lib/python3.10/site-packages/anyio/to_thread.py", line 63, in run_sync
    return await get_async_backend().run_sync_in_worker_thread(
  File "/home/miracle/Downloads/app/.venv/lib/python3.10/site-packages/anyio/_backends/_asyncio.py", line 2518, in run_sync_in_worker_thread
    return await future
  File "/home/miracle/Downloads/app/.venv/lib/python3.10/site-packages/anyio/_backends/_asyncio.py", line 1002, in run
    result = context.run(func, *args)
  File "/home/miracle/Downloads/app/routes/health.py", line 29, in metrics
    total_users = db.query(User).count()
  File "/home/miracle/Downloads/app/.venv/lib/python3.10/site-packages/sqlalchemy/orm/query.py", line 3112, in count
    self._legacy_from_self(col).enable_eagerloads(False).scalar()
  File "/home/miracle/Downloads/app/.venv/lib/python3.10/site-packages/sqlalchemy/orm/query.py", line 2805, in scalar
    ret = self.one()
  File "/home/miracle/Downloads/app/.venv/lib/python3.10/site-packages/sqlalchemy/orm/query.py", line 2778, in one
    return self._iter().one()  # type: ignore
  File "/home/miracle/Downloads/app/.venv/lib/python3.10/site-packages/sqlalchemy/orm/query.py", line 2827, in _iter
    result: Union[ScalarResult[_T], Result[_T]] = self.session.execute(
  File "/home/miracle/Downloads/app/.venv/lib/python3.10/site-packages/sqlalchemy/orm/session.py", line 2351, in execute
    return self._execute_internal(
  File "/home/miracle/Downloads/app/.venv/lib/python3.10/site-packages/sqlalchemy/orm/session.py", line 2236, in _execute_internal
    result: Result[Any] = compile_state_cls.orm_execute_statement(
  File "/home/miracle/Downloads/app/.venv/lib/python3.10/site-packages/sqlalchemy/orm/context.py", line 293, in orm_execute_statement
    result = conn.execute(
  File "/home/miracle/Downloads/app/.venv/lib/python3.10/site-packages/sqlalchemy/engine/base.py", line 1418, in execute
    return meth(
  File "/home/miracle/Downloads/app/.venv/lib/python3.10/site-packages/sqlalchemy/sql/elements.py", line 515, in _execute_on_connection
    return connection._execute_clauseelement(
  File "/home/miracle/Downloads/app/.venv/lib/python3.10/site-packages/sqlalchemy/engine/base.py", line 1640, in _execute_clauseelement
    ret = self._execute_context(
  File "/home/miracle/Downloads/app/.venv/lib/python3.10/site-packages/sqlalchemy/engine/base.py", line 1846, in _execute_context
    return self._exec_single_context(
  File "/home/miracle/Downloads/app/.venv/lib/python3.10/site-packages/sqlalchemy/engine/base.py", line 1986, in _exec_single_context
    self._handle_dbapi_exception(
  File "/home/miracle/Downloads/app/.venv/lib/python3.10/site-packages/sqlalchemy/engine/base.py", line 2353, in _handle_dbapi_exception
    raise sqlalchemy_exception.with_traceback(exc_info[2]) from e
  File "/home/miracle/Downloads/app/.venv/lib/python3.10/site-packages/sqlalchemy/engine/base.py", line 1967, in _exec_single_context
    self.dialect.do_execute(
  File "/home/miracle/Downloads/app/.venv/lib/python3.10/site-packages/sqlalchemy/engine/default.py", line 924, in do_execute
    cursor.execute(statement, parameters)
  File "/home/miracle/Downloads/app/.venv/lib/python3.10/site-packages/pymysql/cursors.py", line 159, in execute
    result = self._query(query)
  File "/home/miracle/Downloads/app/.venv/lib/python3.10/site-packages/pymysql/cursors.py", line 330, in _query
    conn.query(q)
  File "/home/miracle/Downloads/app/.venv/lib/python3.10/site-packages/pymysql/connections.py", line 582, in query
    self._affected_rows = self._read_query_result(unbuffered=unbuffered)
  File "/home/miracle/Downloads/app/.venv/lib/python3.10/site-packages/pymysql/connections.py", line 847, in _read_query_result
    result.read()
  File "/home/miracle/Downloads/app/.venv/lib/python3.10/site-packages/pymysql/connections.py", line 1245, in read
    first_packet = self.connection._read_packet()
  File "/home/miracle/Downloads/app/.venv/lib/python3.10/site-packages/pymysql/connections.py", line 803, in _read_packet
    packet.raise_for_error()
  File "/home/miracle/Downloads/app/.venv/lib/python3.10/site-packages/pymysql/protocol.py", line 219, in raise_for_error
    err.raise_mysql_exception(self._data)
  File "/home/miracle/Downloads/app/.venv/lib/python3.10/site-packages/pymysql/err.py", line 154, in raise_mysql_exception
    raise errorclass(errno, errval, sqlstate=sqlstate)
sqlalchemy.exc.ProgrammingError: (pymysql.err.ProgrammingError) (1146, "Table 'Maindb.users' doesn't exist")
[SQL: SELECT count(*) AS count_1 
FROM (SELECT users.id AS users_id, users.name AS users_name, users.email AS users_email, users.hashed_password AS users_hashed_password, users.age AS users_age, users.is_active AS users_is_active, users.api_key AS users_api_key, users.created_at AS users_created_at 
FROM users) AS anon_1]
(Background on this error at: https://sqlalche.me/e/20/f405)
2026-05-28 18:57:58 CRITICAL exceptions Unhandled exception on http://127.0.0.1:8000/users: password cannot be longer than 72 bytes, truncate manually if necessary (e.g. my_password[:72])
  + Exception Group Traceback (most recent call last):
  |   File "/home/miracle/Downloads/app/.venv/lib/python3.10/site-packages/starlette/_utils.py", line 87, in collapse_excgroups
  |     yield
  |   File "/home/miracle/Downloads/app/.venv/lib/python3.10/site-packages/starlette/middleware/base.py", line 190, in __call__
  |     async with anyio.create_task_group() as task_group:
  |   File "/home/miracle/Downloads/app/.venv/lib/python3.10/site-packages/anyio/_backends/_asyncio.py", line 799, in __aexit__
  |     raise BaseExceptionGroup(
  | exceptiongroup.ExceptionGroup: unhandled errors in a TaskGroup (1 sub-exception)
  +-+---------------- 1 ----------------
    | Traceback (most recent call last):
    |   File "/home/miracle/Downloads/app/.venv/lib/python3.10/site-packages/starlette/middleware/errors.py", line 164, in __call__
    |     await self.app(scope, receive, _send)
    |   File "/home/miracle/Downloads/app/.venv/lib/python3.10/site-packages/starlette/middleware/base.py", line 189, in __call__
    |     with collapse_excgroups():
    |   File "/usr/lib/python3.10/contextlib.py", line 153, in __exit__
    |     self.gen.throw(typ, value, traceback)
    |   File "/home/miracle/Downloads/app/.venv/lib/python3.10/site-packages/starlette/_utils.py", line 93, in collapse_excgroups
    |     raise exc
    |   File "/home/miracle/Downloads/app/.venv/lib/python3.10/site-packages/starlette/middleware/base.py", line 191, in __call__
    |     response = await self.dispatch_func(request, call_next)
    |   File "/home/miracle/Downloads/app/middleware/middlewares.py", line 21, in dispatch
    |     response = await call_next(request)
    |   File "/home/miracle/Downloads/app/.venv/lib/python3.10/site-packages/starlette/middleware/base.py", line 165, in call_next
    |     raise app_exc
    |   File "/home/miracle/Downloads/app/.venv/lib/python3.10/site-packages/starlette/middleware/base.py", line 151, in coro
    |     await self.app(scope, receive_or_disconnect, send_no_error)
    |   File "/home/miracle/Downloads/app/.venv/lib/python3.10/site-packages/starlette/middleware/base.py", line 189, in __call__
    |     with collapse_excgroups():
    |   File "/usr/lib/python3.10/contextlib.py", line 153, in __exit__
    |     self.gen.throw(typ, value, traceback)
    |   File "/home/miracle/Downloads/app/.venv/lib/python3.10/site-packages/starlette/_utils.py", line 93, in collapse_excgroups
    |     raise exc
    |   File "/home/miracle/Downloads/app/.venv/lib/python3.10/site-packages/starlette/middleware/base.py", line 191, in __call__
    |     response = await self.dispatch_func(request, call_next)
    |   File "/home/miracle/Downloads/app/middleware/middlewares.py", line 31, in dispatch
    |     response = await call_next(request)
    |   File "/home/miracle/Downloads/app/.venv/lib/python3.10/site-packages/starlette/middleware/base.py", line 165, in call_next
    |     raise app_exc
    |   File "/home/miracle/Downloads/app/.venv/lib/python3.10/site-packages/starlette/middleware/base.py", line 151, in coro
    |     await self.app(scope, receive_or_disconnect, send_no_error)
    |   File "/home/miracle/Downloads/app/.venv/lib/python3.10/site-packages/starlette/middleware/trustedhost.py", line 36, in __call__
    |     await self.app(scope, receive, send)
    |   File "/home/miracle/Downloads/app/.venv/lib/python3.10/site-packages/starlette/middleware/gzip.py", line 24, in __call__
    |     await responder(scope, receive, send)
    |   File "/home/miracle/Downloads/app/.venv/lib/python3.10/site-packages/starlette/middleware/gzip.py", line 44, in __call__
    |     await self.app(scope, receive, self.send_with_gzip)
    |   File "/home/miracle/Downloads/app/.venv/lib/python3.10/site-packages/starlette/middleware/cors.py", line 93, in __call__
    |     await self.simple_response(scope, receive, send, request_headers=headers)
    |   File "/home/miracle/Downloads/app/.venv/lib/python3.10/site-packages/starlette/middleware/cors.py", line 148, in simple_response
    |     await self.app(scope, receive, send)
    |   File "/home/miracle/Downloads/app/.venv/lib/python3.10/site-packages/starlette/middleware/exceptions.py", line 65, in __call__
    |     await wrap_app_handling_exceptions(self.app, conn)(scope, receive, send)
    |   File "/home/miracle/Downloads/app/.venv/lib/python3.10/site-packages/starlette/_exception_handler.py", line 64, in wrapped_app
    |     raise exc
    |   File "/home/miracle/Downloads/app/.venv/lib/python3.10/site-packages/starlette/_exception_handler.py", line 53, in wrapped_app
    |     await app(scope, receive, sender)
    |   File "/home/miracle/Downloads/app/.venv/lib/python3.10/site-packages/starlette/routing.py", line 756, in __call__
    |     await self.middleware_stack(scope, receive, send)
    |   File "/home/miracle/Downloads/app/.venv/lib/python3.10/site-packages/starlette/routing.py", line 776, in app
    |     await route.handle(scope, receive, send)
    |   File "/home/miracle/Downloads/app/.venv/lib/python3.10/site-packages/starlette/routing.py", line 297, in handle
    |     await self.app(scope, receive, send)
    |   File "/home/miracle/Downloads/app/.venv/lib/python3.10/site-packages/starlette/routing.py", line 77, in app
    |     await wrap_app_handling_exceptions(app, request)(scope, receive, send)
    |   File "/home/miracle/Downloads/app/.venv/lib/python3.10/site-packages/starlette/_exception_handler.py", line 64, in wrapped_app
    |     raise exc
    |   File "/home/miracle/Downloads/app/.venv/lib/python3.10/site-packages/starlette/_exception_handler.py", line 53, in wrapped_app
    |     await app(scope, receive, sender)
    |   File "/home/miracle/Downloads/app/.venv/lib/python3.10/site-packages/starlette/routing.py", line 72, in app
    |     response = await func(request)
    |   File "/home/miracle/Downloads/app/.venv/lib/python3.10/site-packages/fastapi/routing.py", line 278, in app
    |     raw_response = await run_endpoint_function(
    |   File "/home/miracle/Downloads/app/.venv/lib/python3.10/site-packages/fastapi/routing.py", line 193, in run_endpoint_function
    |     return await run_in_threadpool(dependant.call, **values)
    |   File "/home/miracle/Downloads/app/.venv/lib/python3.10/site-packages/starlette/concurrency.py", line 42, in run_in_threadpool
    |     return await anyio.to_thread.run_sync(func, *args)
    |   File "/home/miracle/Downloads/app/.venv/lib/python3.10/site-packages/anyio/to_thread.py", line 63, in run_sync
    |     return await get_async_backend().run_sync_in_worker_thread(
    |   File "/home/miracle/Downloads/app/.venv/lib/python3.10/site-packages/anyio/_backends/_asyncio.py", line 2518, in run_sync_in_worker_thread
    |     return await future
    |   File "/home/miracle/Downloads/app/.venv/lib/python3.10/site-packages/anyio/_backends/_asyncio.py", line 1002, in run
    |     result = context.run(func, *args)
    |   File "/home/miracle/Downloads/app/routes/users.py", line 23, in create_user
    |     hashed_password=hash_password(payload.password),
    |   File "/home/miracle/Downloads/app/utils/security.py", line 15, in hash_password
    |     return pwd_context.hash(password)
    |   File "/home/miracle/Downloads/app/.venv/lib/python3.10/site-packages/passlib/context.py", line 2258, in hash
    |     return record.hash(secret, **kwds)
    |   File "/home/miracle/Downloads/app/.venv/lib/python3.10/site-packages/passlib/utils/handlers.py", line 779, in hash
    |     self.checksum = self._calc_checksum(secret)
    |   File "/home/miracle/Downloads/app/.venv/lib/python3.10/site-packages/passlib/handlers/bcrypt.py", line 591, in _calc_checksum
    |     self._stub_requires_backend()
    |   File "/home/miracle/Downloads/app/.venv/lib/python3.10/site-packages/passlib/utils/handlers.py", line 2254, in _stub_requires_backend
    |     cls.set_backend()
    |   File "/home/miracle/Downloads/app/.venv/lib/python3.10/site-packages/passlib/utils/handlers.py", line 2156, in set_backend
    |     return owner.set_backend(name, dryrun=dryrun)
    |   File "/home/miracle/Downloads/app/.venv/lib/python3.10/site-packages/passlib/utils/handlers.py", line 2163, in set_backend
    |     return cls.set_backend(name, dryrun=dryrun)
    |   File "/home/miracle/Downloads/app/.venv/lib/python3.10/site-packages/passlib/utils/handlers.py", line 2188, in set_backend
    |     cls._set_backend(name, dryrun)
    |   File "/home/miracle/Downloads/app/.venv/lib/python3.10/site-packages/passlib/utils/handlers.py", line 2311, in _set_backend
    |     super(SubclassBackendMixin, cls)._set_backend(name, dryrun)
    |   File "/home/miracle/Downloads/app/.venv/lib/python3.10/site-packages/passlib/utils/handlers.py", line 2224, in _set_backend
    |     ok = loader(**kwds)
    |   File "/home/miracle/Downloads/app/.venv/lib/python3.10/site-packages/passlib/handlers/bcrypt.py", line 626, in _load_backend_mixin
    |     return mixin_cls._finalize_backend_mixin(name, dryrun)
    |   File "/home/miracle/Downloads/app/.venv/lib/python3.10/site-packages/passlib/handlers/bcrypt.py", line 421, in _finalize_backend_mixin
    |     if detect_wrap_bug(IDENT_2A):
    |   File "/home/miracle/Downloads/app/.venv/lib/python3.10/site-packages/passlib/handlers/bcrypt.py", line 380, in detect_wrap_bug
    |     if verify(secret, bug_hash):
    |   File "/home/miracle/Downloads/app/.venv/lib/python3.10/site-packages/passlib/utils/handlers.py", line 792, in verify
    |     return consteq(self._calc_checksum(secret), chk)
    |   File "/home/miracle/Downloads/app/.venv/lib/python3.10/site-packages/passlib/handlers/bcrypt.py", line 655, in _calc_checksum
    |     hash = _bcrypt.hashpw(secret, config)
    | ValueError: password cannot be longer than 72 bytes, truncate manually if necessary (e.g. my_password[:72])
    +------------------------------------

During handling of the above exception, another exception occurred:

Traceback (most recent call last):
  File "/home/miracle/Downloads/app/.venv/lib/python3.10/site-packages/starlette/middleware/errors.py", line 164, in __call__
    await self.app(scope, receive, _send)
  File "/home/miracle/Downloads/app/.venv/lib/python3.10/site-packages/starlette/middleware/base.py", line 189, in __call__
    with collapse_excgroups():
  File "/usr/lib/python3.10/contextlib.py", line 153, in __exit__
    self.gen.throw(typ, value, traceback)
  File "/home/miracle/Downloads/app/.venv/lib/python3.10/site-packages/starlette/_utils.py", line 93, in collapse_excgroups
    raise exc
  File "/home/miracle/Downloads/app/.venv/lib/python3.10/site-packages/starlette/middleware/base.py", line 191, in __call__
    response = await self.dispatch_func(request, call_next)
  File "/home/miracle/Downloads/app/middleware/middlewares.py", line 21, in dispatch
    response = await call_next(request)
  File "/home/miracle/Downloads/app/.venv/lib/python3.10/site-packages/starlette/middleware/base.py", line 165, in call_next
    raise app_exc
  File "/home/miracle/Downloads/app/.venv/lib/python3.10/site-packages/starlette/middleware/base.py", line 151, in coro
    await self.app(scope, receive_or_disconnect, send_no_error)
  File "/home/miracle/Downloads/app/.venv/lib/python3.10/site-packages/starlette/middleware/base.py", line 189, in __call__
    with collapse_excgroups():
  File "/usr/lib/python3.10/contextlib.py", line 153, in __exit__
    self.gen.throw(typ, value, traceback)
  File "/home/miracle/Downloads/app/.venv/lib/python3.10/site-packages/starlette/_utils.py", line 93, in collapse_excgroups
    raise exc
  File "/home/miracle/Downloads/app/.venv/lib/python3.10/site-packages/starlette/middleware/base.py", line 191, in __call__
    response = await self.dispatch_func(request, call_next)
  File "/home/miracle/Downloads/app/middleware/middlewares.py", line 31, in dispatch
    response = await call_next(request)
  File "/home/miracle/Downloads/app/.venv/lib/python3.10/site-packages/starlette/middleware/base.py", line 165, in call_next
    raise app_exc
  File "/home/miracle/Downloads/app/.venv/lib/python3.10/site-packages/starlette/middleware/base.py", line 151, in coro
    await self.app(scope, receive_or_disconnect, send_no_error)
  File "/home/miracle/Downloads/app/.venv/lib/python3.10/site-packages/starlette/middleware/trustedhost.py", line 36, in __call__
    await self.app(scope, receive, send)
  File "/home/miracle/Downloads/app/.venv/lib/python3.10/site-packages/starlette/middleware/gzip.py", line 24, in __call__
    await responder(scope, receive, send)
  File "/home/miracle/Downloads/app/.venv/lib/python3.10/site-packages/starlette/middleware/gzip.py", line 44, in __call__
    await self.app(scope, receive, self.send_with_gzip)
  File "/home/miracle/Downloads/app/.venv/lib/python3.10/site-packages/starlette/middleware/cors.py", line 93, in __call__
    await self.simple_response(scope, receive, send, request_headers=headers)
  File "/home/miracle/Downloads/app/.venv/lib/python3.10/site-packages/starlette/middleware/cors.py", line 148, in simple_response
    await self.app(scope, receive, send)
  File "/home/miracle/Downloads/app/.venv/lib/python3.10/site-packages/starlette/middleware/exceptions.py", line 65, in __call__
    await wrap_app_handling_exceptions(self.app, conn)(scope, receive, send)
  File "/home/miracle/Downloads/app/.venv/lib/python3.10/site-packages/starlette/_exception_handler.py", line 64, in wrapped_app
    raise exc
  File "/home/miracle/Downloads/app/.venv/lib/python3.10/site-packages/starlette/_exception_handler.py", line 53, in wrapped_app
    await app(scope, receive, sender)
  File "/home/miracle/Downloads/app/.venv/lib/python3.10/site-packages/starlette/routing.py", line 756, in __call__
    await self.middleware_stack(scope, receive, send)
  File "/home/miracle/Downloads/app/.venv/lib/python3.10/site-packages/starlette/routing.py", line 776, in app
    await route.handle(scope, receive, send)
  File "/home/miracle/Downloads/app/.venv/lib/python3.10/site-packages/starlette/routing.py", line 297, in handle
    await self.app(scope, receive, send)
  File "/home/miracle/Downloads/app/.venv/lib/python3.10/site-packages/starlette/routing.py", line 77, in app
    await wrap_app_handling_exceptions(app, request)(scope, receive, send)
  File "/home/miracle/Downloads/app/.venv/lib/python3.10/site-packages/starlette/_exception_handler.py", line 64, in wrapped_app
    raise exc
  File "/home/miracle/Downloads/app/.venv/lib/python3.10/site-packages/starlette/_exception_handler.py", line 53, in wrapped_app
    await app(scope, receive, sender)
  File "/home/miracle/Downloads/app/.venv/lib/python3.10/site-packages/starlette/routing.py", line 72, in app
    response = await func(request)
  File "/home/miracle/Downloads/app/.venv/lib/python3.10/site-packages/fastapi/routing.py", line 278, in app
    raw_response = await run_endpoint_function(
  File "/home/miracle/Downloads/app/.venv/lib/python3.10/site-packages/fastapi/routing.py", line 193, in run_endpoint_function
    return await run_in_threadpool(dependant.call, **values)
  File "/home/miracle/Downloads/app/.venv/lib/python3.10/site-packages/starlette/concurrency.py", line 42, in run_in_threadpool
    return await anyio.to_thread.run_sync(func, *args)
  File "/home/miracle/Downloads/app/.venv/lib/python3.10/site-packages/anyio/to_thread.py", line 63, in run_sync
    return await get_async_backend().run_sync_in_worker_thread(
  File "/home/miracle/Downloads/app/.venv/lib/python3.10/site-packages/anyio/_backends/_asyncio.py", line 2518, in run_sync_in_worker_thread
    return await future
  File "/home/miracle/Downloads/app/.venv/lib/python3.10/site-packages/anyio/_backends/_asyncio.py", line 1002, in run
    result = context.run(func, *args)
  File "/home/miracle/Downloads/app/routes/users.py", line 23, in create_user
    hashed_password=hash_password(payload.password),
  File "/home/miracle/Downloads/app/utils/security.py", line 15, in hash_password
    return pwd_context.hash(password)
  File "/home/miracle/Downloads/app/.venv/lib/python3.10/site-packages/passlib/context.py", line 2258, in hash
    return record.hash(secret, **kwds)
  File "/home/miracle/Downloads/app/.venv/lib/python3.10/site-packages/passlib/utils/handlers.py", line 779, in hash
    self.checksum = self._calc_checksum(secret)
  File "/home/miracle/Downloads/app/.venv/lib/python3.10/site-packages/passlib/handlers/bcrypt.py", line 591, in _calc_checksum
    self._stub_requires_backend()
  File "/home/miracle/Downloads/app/.venv/lib/python3.10/site-packages/passlib/utils/handlers.py", line 2254, in _stub_requires_backend
    cls.set_backend()
  File "/home/miracle/Downloads/app/.venv/lib/python3.10/site-packages/passlib/utils/handlers.py", line 2156, in set_backend
    return owner.set_backend(name, dryrun=dryrun)
  File "/home/miracle/Downloads/app/.venv/lib/python3.10/site-packages/passlib/utils/handlers.py", line 2163, in set_backend
    return cls.set_backend(name, dryrun=dryrun)
  File "/home/miracle/Downloads/app/.venv/lib/python3.10/site-packages/passlib/utils/handlers.py", line 2188, in set_backend
    cls._set_backend(name, dryrun)
  File "/home/miracle/Downloads/app/.venv/lib/python3.10/site-packages/passlib/utils/handlers.py", line 2311, in _set_backend
    super(SubclassBackendMixin, cls)._set_backend(name, dryrun)
  File "/home/miracle/Downloads/app/.venv/lib/python3.10/site-packages/passlib/utils/handlers.py", line 2224, in _set_backend
    ok = loader(**kwds)
  File "/home/miracle/Downloads/app/.venv/lib/python3.10/site-packages/passlib/handlers/bcrypt.py", line 626, in _load_backend_mixin
    return mixin_cls._finalize_backend_mixin(name, dryrun)
  File "/home/miracle/Downloads/app/.venv/lib/python3.10/site-packages/passlib/handlers/bcrypt.py", line 421, in _finalize_backend_mixin
    if detect_wrap_bug(IDENT_2A):
  File "/home/miracle/Downloads/app/.venv/lib/python3.10/site-packages/passlib/handlers/bcrypt.py", line 380, in detect_wrap_bug
    if verify(secret, bug_hash):
  File "/home/miracle/Downloads/app/.venv/lib/python3.10/site-packages/passlib/utils/handlers.py", line 792, in verify
    return consteq(self._calc_checksum(secret), chk)
  File "/home/miracle/Downloads/app/.venv/lib/python3.10/site-packages/passlib/handlers/bcrypt.py", line 655, in _calc_checksum
    hash = _bcrypt.hashpw(secret, config)
ValueError: password cannot be longer than 72 bytes, truncate manually if necessary (e.g. my_password[:72])
2026-05-28 19:24:34 CRITICAL exceptions Unhandled exception on http://127.0.0.1:8000/tasks: can't compare offset-naive and offset-aware datetimes
  + Exception Group Traceback (most recent call last):
  |   File "/home/miracle/Downloads/app/.venv/lib/python3.10/site-packages/starlette/_utils.py", line 87, in collapse_excgroups
  |     yield
  |   File "/home/miracle/Downloads/app/.venv/lib/python3.10/site-packages/starlette/middleware/base.py", line 190, in __call__
  |     async with anyio.create_task_group() as task_group:
  |   File "/home/miracle/Downloads/app/.venv/lib/python3.10/site-packages/anyio/_backends/_asyncio.py", line 799, in __aexit__
  |     raise BaseExceptionGroup(
  | exceptiongroup.ExceptionGroup: unhandled errors in a TaskGroup (1 sub-exception)
  +-+---------------- 1 ----------------
    | Traceback (most recent call last):
    |   File "/home/miracle/Downloads/app/.venv/lib/python3.10/site-packages/starlette/middleware/errors.py", line 164, in __call__
    |     await self.app(scope, receive, _send)
    |   File "/home/miracle/Downloads/app/.venv/lib/python3.10/site-packages/starlette/middleware/base.py", line 189, in __call__
    |     with collapse_excgroups():
    |   File "/usr/lib/python3.10/contextlib.py", line 153, in __exit__
    |     self.gen.throw(typ, value, traceback)
    |   File "/home/miracle/Downloads/app/.venv/lib/python3.10/site-packages/starlette/_utils.py", line 93, in collapse_excgroups
    |     raise exc
    |   File "/home/miracle/Downloads/app/.venv/lib/python3.10/site-packages/starlette/middleware/base.py", line 191, in __call__
    |     response = await self.dispatch_func(request, call_next)
    |   File "/home/miracle/Downloads/app/middleware/middlewares.py", line 21, in dispatch
    |     response = await call_next(request)
    |   File "/home/miracle/Downloads/app/.venv/lib/python3.10/site-packages/starlette/middleware/base.py", line 165, in call_next
    |     raise app_exc
    |   File "/home/miracle/Downloads/app/.venv/lib/python3.10/site-packages/starlette/middleware/base.py", line 151, in coro
    |     await self.app(scope, receive_or_disconnect, send_no_error)
    |   File "/home/miracle/Downloads/app/.venv/lib/python3.10/site-packages/starlette/middleware/base.py", line 189, in __call__
    |     with collapse_excgroups():
    |   File "/usr/lib/python3.10/contextlib.py", line 153, in __exit__
    |     self.gen.throw(typ, value, traceback)
    |   File "/home/miracle/Downloads/app/.venv/lib/python3.10/site-packages/starlette/_utils.py", line 93, in collapse_excgroups
    |     raise exc
    |   File "/home/miracle/Downloads/app/.venv/lib/python3.10/site-packages/starlette/middleware/base.py", line 191, in __call__
    |     response = await self.dispatch_func(request, call_next)
    |   File "/home/miracle/Downloads/app/middleware/middlewares.py", line 31, in dispatch
    |     response = await call_next(request)
    |   File "/home/miracle/Downloads/app/.venv/lib/python3.10/site-packages/starlette/middleware/base.py", line 165, in call_next
    |     raise app_exc
    |   File "/home/miracle/Downloads/app/.venv/lib/python3.10/site-packages/starlette/middleware/base.py", line 151, in coro
    |     await self.app(scope, receive_or_disconnect, send_no_error)
    |   File "/home/miracle/Downloads/app/.venv/lib/python3.10/site-packages/starlette/middleware/trustedhost.py", line 36, in __call__
    |     await self.app(scope, receive, send)
    |   File "/home/miracle/Downloads/app/.venv/lib/python3.10/site-packages/starlette/middleware/gzip.py", line 24, in __call__
    |     await responder(scope, receive, send)
    |   File "/home/miracle/Downloads/app/.venv/lib/python3.10/site-packages/starlette/middleware/gzip.py", line 44, in __call__
    |     await self.app(scope, receive, self.send_with_gzip)
    |   File "/home/miracle/Downloads/app/.venv/lib/python3.10/site-packages/starlette/middleware/cors.py", line 93, in __call__
    |     await self.simple_response(scope, receive, send, request_headers=headers)
    |   File "/home/miracle/Downloads/app/.venv/lib/python3.10/site-packages/starlette/middleware/cors.py", line 148, in simple_response
    |     await self.app(scope, receive, send)
    |   File "/home/miracle/Downloads/app/.venv/lib/python3.10/site-packages/starlette/middleware/exceptions.py", line 65, in __call__
    |     await wrap_app_handling_exceptions(self.app, conn)(scope, receive, send)
    |   File "/home/miracle/Downloads/app/.venv/lib/python3.10/site-packages/starlette/_exception_handler.py", line 64, in wrapped_app
    |     raise exc
    |   File "/home/miracle/Downloads/app/.venv/lib/python3.10/site-packages/starlette/_exception_handler.py", line 53, in wrapped_app
    |     await app(scope, receive, sender)
    |   File "/home/miracle/Downloads/app/.venv/lib/python3.10/site-packages/starlette/routing.py", line 756, in __call__
    |     await self.middleware_stack(scope, receive, send)
    |   File "/home/miracle/Downloads/app/.venv/lib/python3.10/site-packages/starlette/routing.py", line 776, in app
    |     await route.handle(scope, receive, send)
    |   File "/home/miracle/Downloads/app/.venv/lib/python3.10/site-packages/starlette/routing.py", line 297, in handle
    |     await self.app(scope, receive, send)
    |   File "/home/miracle/Downloads/app/.venv/lib/python3.10/site-packages/starlette/routing.py", line 77, in app
    |     await wrap_app_handling_exceptions(app, request)(scope, receive, send)
    |   File "/home/miracle/Downloads/app/.venv/lib/python3.10/site-packages/starlette/_exception_handler.py", line 64, in wrapped_app
    |     raise exc
    |   File "/home/miracle/Downloads/app/.venv/lib/python3.10/site-packages/starlette/_exception_handler.py", line 53, in wrapped_app
    |     await app(scope, receive, sender)
    |   File "/home/miracle/Downloads/app/.venv/lib/python3.10/site-packages/starlette/routing.py", line 72, in app
    |     response = await func(request)
    |   File "/home/miracle/Downloads/app/.venv/lib/python3.10/site-packages/fastapi/routing.py", line 269, in app
    |     solved_result = await solve_dependencies(
    |   File "/home/miracle/Downloads/app/.venv/lib/python3.10/site-packages/fastapi/dependencies/utils.py", line 628, in solve_dependencies
    |     ) = await request_body_to_args(  # body_params checked above
    |   File "/home/miracle/Downloads/app/.venv/lib/python3.10/site-packages/fastapi/dependencies/utils.py", line 758, in request_body_to_args
    |     v_, errors_ = field.validate(value, values, loc=loc)
    |   File "/home/miracle/Downloads/app/.venv/lib/python3.10/site-packages/fastapi/_compat.py", line 127, in validate
    |     self._type_adapter.validate_python(value, from_attributes=True),
    |   File "/home/miracle/Downloads/app/.venv/lib/python3.10/site-packages/pydantic/type_adapter.py", line 260, in validate_python
    |     return self.validator.validate_python(object, strict=strict, from_attributes=from_attributes, context=context)
    |   File "/home/miracle/Downloads/app/schemas/task.py", line 35, in validate_due_date
    |     if self.due_date and self.due_date < datetime.utcnow():
    | TypeError: can't compare offset-naive and offset-aware datetimes
    +------------------------------------

During handling of the above exception, another exception occurred:

Traceback (most recent call last):
  File "/home/miracle/Downloads/app/.venv/lib/python3.10/site-packages/starlette/middleware/errors.py", line 164, in __call__
    await self.app(scope, receive, _send)
  File "/home/miracle/Downloads/app/.venv/lib/python3.10/site-packages/starlette/middleware/base.py", line 189, in __call__
    with collapse_excgroups():
  File "/usr/lib/python3.10/contextlib.py", line 153, in __exit__
    self.gen.throw(typ, value, traceback)
  File "/home/miracle/Downloads/app/.venv/lib/python3.10/site-packages/starlette/_utils.py", line 93, in collapse_excgroups
    raise exc
  File "/home/miracle/Downloads/app/.venv/lib/python3.10/site-packages/starlette/middleware/base.py", line 191, in __call__
    response = await self.dispatch_func(request, call_next)
  File "/home/miracle/Downloads/app/middleware/middlewares.py", line 21, in dispatch
    response = await call_next(request)
  File "/home/miracle/Downloads/app/.venv/lib/python3.10/site-packages/starlette/middleware/base.py", line 165, in call_next
    raise app_exc
  File "/home/miracle/Downloads/app/.venv/lib/python3.10/site-packages/starlette/middleware/base.py", line 151, in coro
    await self.app(scope, receive_or_disconnect, send_no_error)
  File "/home/miracle/Downloads/app/.venv/lib/python3.10/site-packages/starlette/middleware/base.py", line 189, in __call__
    with collapse_excgroups():
  File "/usr/lib/python3.10/contextlib.py", line 153, in __exit__
    self.gen.throw(typ, value, traceback)
  File "/home/miracle/Downloads/app/.venv/lib/python3.10/site-packages/starlette/_utils.py", line 93, in collapse_excgroups
    raise exc
  File "/home/miracle/Downloads/app/.venv/lib/python3.10/site-packages/starlette/middleware/base.py", line 191, in __call__
    response = await self.dispatch_func(request, call_next)
  File "/home/miracle/Downloads/app/middleware/middlewares.py", line 31, in dispatch
    response = await call_next(request)
  File "/home/miracle/Downloads/app/.venv/lib/python3.10/site-packages/starlette/middleware/base.py", line 165, in call_next
    raise app_exc
  File "/home/miracle/Downloads/app/.venv/lib/python3.10/site-packages/starlette/middleware/base.py", line 151, in coro
    await self.app(scope, receive_or_disconnect, send_no_error)
  File "/home/miracle/Downloads/app/.venv/lib/python3.10/site-packages/starlette/middleware/trustedhost.py", line 36, in __call__
    await self.app(scope, receive, send)
  File "/home/miracle/Downloads/app/.venv/lib/python3.10/site-packages/starlette/middleware/gzip.py", line 24, in __call__
    await responder(scope, receive, send)
  File "/home/miracle/Downloads/app/.venv/lib/python3.10/site-packages/starlette/middleware/gzip.py", line 44, in __call__
    await self.app(scope, receive, self.send_with_gzip)
  File "/home/miracle/Downloads/app/.venv/lib/python3.10/site-packages/starlette/middleware/cors.py", line 93, in __call__
    await self.simple_response(scope, receive, send, request_headers=headers)
  File "/home/miracle/Downloads/app/.venv/lib/python3.10/site-packages/starlette/middleware/cors.py", line 148, in simple_response
    await self.app(scope, receive, send)
  File "/home/miracle/Downloads/app/.venv/lib/python3.10/site-packages/starlette/middleware/exceptions.py", line 65, in __call__
    await wrap_app_handling_exceptions(self.app, conn)(scope, receive, send)
  File "/home/miracle/Downloads/app/.venv/lib/python3.10/site-packages/starlette/_exception_handler.py", line 64, in wrapped_app
    raise exc
  File "/home/miracle/Downloads/app/.venv/lib/python3.10/site-packages/starlette/_exception_handler.py", line 53, in wrapped_app
    await app(scope, receive, sender)
  File "/home/miracle/Downloads/app/.venv/lib/python3.10/site-packages/starlette/routing.py", line 756, in __call__
    await self.middleware_stack(scope, receive, send)
  File "/home/miracle/Downloads/app/.venv/lib/python3.10/site-packages/starlette/routing.py", line 776, in app
    await route.handle(scope, receive, send)
  File "/home/miracle/Downloads/app/.venv/lib/python3.10/site-packages/starlette/routing.py", line 297, in handle
    await self.app(scope, receive, send)
  File "/home/miracle/Downloads/app/.venv/lib/python3.10/site-packages/starlette/routing.py", line 77, in app
    await wrap_app_handling_exceptions(app, request)(scope, receive, send)
  File "/home/miracle/Downloads/app/.venv/lib/python3.10/site-packages/starlette/_exception_handler.py", line 64, in wrapped_app
    raise exc
  File "/home/miracle/Downloads/app/.venv/lib/python3.10/site-packages/starlette/_exception_handler.py", line 53, in wrapped_app
    await app(scope, receive, sender)
  File "/home/miracle/Downloads/app/.venv/lib/python3.10/site-packages/starlette/routing.py", line 72, in app
    response = await func(request)
  File "/home/miracle/Downloads/app/.venv/lib/python3.10/site-packages/fastapi/routing.py", line 269, in app
    solved_result = await solve_dependencies(
  File "/home/miracle/Downloads/app/.venv/lib/python3.10/site-packages/fastapi/dependencies/utils.py", line 628, in solve_dependencies
    ) = await request_body_to_args(  # body_params checked above
  File "/home/miracle/Downloads/app/.venv/lib/python3.10/site-packages/fastapi/dependencies/utils.py", line 758, in request_body_to_args
    v_, errors_ = field.validate(value, values, loc=loc)
  File "/home/miracle/Downloads/app/.venv/lib/python3.10/site-packages/fastapi/_compat.py", line 127, in validate
    self._type_adapter.validate_python(value, from_attributes=True),
  File "/home/miracle/Downloads/app/.venv/lib/python3.10/site-packages/pydantic/type_adapter.py", line 260, in validate_python
    return self.validator.validate_python(object, strict=strict, from_attributes=from_attributes, context=context)
  File "/home/miracle/Downloads/app/schemas/task.py", line 35, in validate_due_date
    if self.due_date and self.due_date < datetime.utcnow():
TypeError: can't compare offset-naive and offset-aware datetimes
2026-05-28 19:25:23 ERROR exceptions HTTPException 401 on http://127.0.0.1:8000/tasks: Not authenticated — provide a Bearer token or X-API-Key
2026-05-29 10:27:33 ERROR exceptions HTTPException 401 on http://127.0.0.1:8000/users/login: Invalid credentials
2026-05-29 10:27:50 ERROR exceptions HTTPException 401 on http://127.0.0.1:8000/users/login: Invalid credentials
2026-05-29 10:29:14 CRITICAL exceptions Unhandled exception on http://127.0.0.1:8000/tasks: can't compare offset-naive and offset-aware datetimes
  + Exception Group Traceback (most recent call last):
  |   File "/home/miracle/Downloads/app/.venv/lib/python3.10/site-packages/starlette/_utils.py", line 87, in collapse_excgroups
  |     yield
  |   File "/home/miracle/Downloads/app/.venv/lib/python3.10/site-packages/starlette/middleware/base.py", line 190, in __call__
  |     async with anyio.create_task_group() as task_group:
  |   File "/home/miracle/Downloads/app/.venv/lib/python3.10/site-packages/anyio/_backends/_asyncio.py", line 799, in __aexit__
  |     raise BaseExceptionGroup(
  | exceptiongroup.ExceptionGroup: unhandled errors in a TaskGroup (1 sub-exception)
  +-+---------------- 1 ----------------
    | Traceback (most recent call last):
    |   File "/home/miracle/Downloads/app/.venv/lib/python3.10/site-packages/starlette/middleware/errors.py", line 164, in __call__
    |     await self.app(scope, receive, _send)
    |   File "/home/miracle/Downloads/app/.venv/lib/python3.10/site-packages/starlette/middleware/base.py", line 189, in __call__
    |     with collapse_excgroups():
    |   File "/usr/lib/python3.10/contextlib.py", line 153, in __exit__
    |     self.gen.throw(typ, value, traceback)
    |   File "/home/miracle/Downloads/app/.venv/lib/python3.10/site-packages/starlette/_utils.py", line 93, in collapse_excgroups
    |     raise exc
    |   File "/home/miracle/Downloads/app/.venv/lib/python3.10/site-packages/starlette/middleware/base.py", line 191, in __call__
    |     response = await self.dispatch_func(request, call_next)
    |   File "/home/miracle/Downloads/app/middleware/middlewares.py", line 21, in dispatch
    |     response = await call_next(request)
    |   File "/home/miracle/Downloads/app/.venv/lib/python3.10/site-packages/starlette/middleware/base.py", line 165, in call_next
    |     raise app_exc
    |   File "/home/miracle/Downloads/app/.venv/lib/python3.10/site-packages/starlette/middleware/base.py", line 151, in coro
    |     await self.app(scope, receive_or_disconnect, send_no_error)
    |   File "/home/miracle/Downloads/app/.venv/lib/python3.10/site-packages/starlette/middleware/base.py", line 189, in __call__
    |     with collapse_excgroups():
    |   File "/usr/lib/python3.10/contextlib.py", line 153, in __exit__
    |     self.gen.throw(typ, value, traceback)
    |   File "/home/miracle/Downloads/app/.venv/lib/python3.10/site-packages/starlette/_utils.py", line 93, in collapse_excgroups
    |     raise exc
    |   File "/home/miracle/Downloads/app/.venv/lib/python3.10/site-packages/starlette/middleware/base.py", line 191, in __call__
    |     response = await self.dispatch_func(request, call_next)
    |   File "/home/miracle/Downloads/app/middleware/middlewares.py", line 31, in dispatch
    |     response = await call_next(request)
    |   File "/home/miracle/Downloads/app/.venv/lib/python3.10/site-packages/starlette/middleware/base.py", line 165, in call_next
    |     raise app_exc
    |   File "/home/miracle/Downloads/app/.venv/lib/python3.10/site-packages/starlette/middleware/base.py", line 151, in coro
    |     await self.app(scope, receive_or_disconnect, send_no_error)
    |   File "/home/miracle/Downloads/app/.venv/lib/python3.10/site-packages/starlette/middleware/trustedhost.py", line 36, in __call__
    |     await self.app(scope, receive, send)
    |   File "/home/miracle/Downloads/app/.venv/lib/python3.10/site-packages/starlette/middleware/gzip.py", line 24, in __call__
    |     await responder(scope, receive, send)
    |   File "/home/miracle/Downloads/app/.venv/lib/python3.10/site-packages/starlette/middleware/gzip.py", line 44, in __call__
    |     await self.app(scope, receive, self.send_with_gzip)
    |   File "/home/miracle/Downloads/app/.venv/lib/python3.10/site-packages/starlette/middleware/cors.py", line 93, in __call__
    |     await self.simple_response(scope, receive, send, request_headers=headers)
    |   File "/home/miracle/Downloads/app/.venv/lib/python3.10/site-packages/starlette/middleware/cors.py", line 148, in simple_response
    |     await self.app(scope, receive, send)
    |   File "/home/miracle/Downloads/app/.venv/lib/python3.10/site-packages/starlette/middleware/exceptions.py", line 65, in __call__
    |     await wrap_app_handling_exceptions(self.app, conn)(scope, receive, send)
    |   File "/home/miracle/Downloads/app/.venv/lib/python3.10/site-packages/starlette/_exception_handler.py", line 64, in wrapped_app
    |     raise exc
    |   File "/home/miracle/Downloads/app/.venv/lib/python3.10/site-packages/starlette/_exception_handler.py", line 53, in wrapped_app
    |     await app(scope, receive, sender)
    |   File "/home/miracle/Downloads/app/.venv/lib/python3.10/site-packages/starlette/routing.py", line 756, in __call__
    |     await self.middleware_stack(scope, receive, send)
    |   File "/home/miracle/Downloads/app/.venv/lib/python3.10/site-packages/starlette/routing.py", line 776, in app
    |     await route.handle(scope, receive, send)
    |   File "/home/miracle/Downloads/app/.venv/lib/python3.10/site-packages/starlette/routing.py", line 297, in handle
    |     await self.app(scope, receive, send)
    |   File "/home/miracle/Downloads/app/.venv/lib/python3.10/site-packages/starlette/routing.py", line 77, in app
    |     await wrap_app_handling_exceptions(app, request)(scope, receive, send)
    |   File "/home/miracle/Downloads/app/.venv/lib/python3.10/site-packages/starlette/_exception_handler.py", line 64, in wrapped_app
    |     raise exc
    |   File "/home/miracle/Downloads/app/.venv/lib/python3.10/site-packages/starlette/_exception_handler.py", line 53, in wrapped_app
    |     await app(scope, receive, sender)
    |   File "/home/miracle/Downloads/app/.venv/lib/python3.10/site-packages/starlette/routing.py", line 72, in app
    |     response = await func(request)
    |   File "/home/miracle/Downloads/app/.venv/lib/python3.10/site-packages/fastapi/routing.py", line 269, in app
    |     solved_result = await solve_dependencies(
    |   File "/home/miracle/Downloads/app/.venv/lib/python3.10/site-packages/fastapi/dependencies/utils.py", line 628, in solve_dependencies
    |     ) = await request_body_to_args(  # body_params checked above
    |   File "/home/miracle/Downloads/app/.venv/lib/python3.10/site-packages/fastapi/dependencies/utils.py", line 758, in request_body_to_args
    |     v_, errors_ = field.validate(value, values, loc=loc)
    |   File "/home/miracle/Downloads/app/.venv/lib/python3.10/site-packages/fastapi/_compat.py", line 127, in validate
    |     self._type_adapter.validate_python(value, from_attributes=True),
    |   File "/home/miracle/Downloads/app/.venv/lib/python3.10/site-packages/pydantic/type_adapter.py", line 260, in validate_python
    |     return self.validator.validate_python(object, strict=strict, from_attributes=from_attributes, context=context)
    |   File "/home/miracle/Downloads/app/schemas/task.py", line 35, in validate_due_date
    |     if self.due_date and self.due_date < datetime.utcnow():
    | TypeError: can't compare offset-naive and offset-aware datetimes
    +------------------------------------

During handling of the above exception, another exception occurred:

Traceback (most recent call last):
  File "/home/miracle/Downloads/app/.venv/lib/python3.10/site-packages/starlette/middleware/errors.py", line 164, in __call__
    await self.app(scope, receive, _send)
  File "/home/miracle/Downloads/app/.venv/lib/python3.10/site-packages/starlette/middleware/base.py", line 189, in __call__
    with collapse_excgroups():
  File "/usr/lib/python3.10/contextlib.py", line 153, in __exit__
    self.gen.throw(typ, value, traceback)
  File "/home/miracle/Downloads/app/.venv/lib/python3.10/site-packages/starlette/_utils.py", line 93, in collapse_excgroups
    raise exc
  File "/home/miracle/Downloads/app/.venv/lib/python3.10/site-packages/starlette/middleware/base.py", line 191, in __call__
    response = await self.dispatch_func(request, call_next)
  File "/home/miracle/Downloads/app/middleware/middlewares.py", line 21, in dispatch
    response = await call_next(request)
  File "/home/miracle/Downloads/app/.venv/lib/python3.10/site-packages/starlette/middleware/base.py", line 165, in call_next
    raise app_exc
  File "/home/miracle/Downloads/app/.venv/lib/python3.10/site-packages/starlette/middleware/base.py", line 151, in coro
    await self.app(scope, receive_or_disconnect, send_no_error)
  File "/home/miracle/Downloads/app/.venv/lib/python3.10/site-packages/starlette/middleware/base.py", line 189, in __call__
    with collapse_excgroups():
  File "/usr/lib/python3.10/contextlib.py", line 153, in __exit__
    self.gen.throw(typ, value, traceback)
  File "/home/miracle/Downloads/app/.venv/lib/python3.10/site-packages/starlette/_utils.py", line 93, in collapse_excgroups
    raise exc
  File "/home/miracle/Downloads/app/.venv/lib/python3.10/site-packages/starlette/middleware/base.py", line 191, in __call__
    response = await self.dispatch_func(request, call_next)
  File "/home/miracle/Downloads/app/middleware/middlewares.py", line 31, in dispatch
    response = await call_next(request)
  File "/home/miracle/Downloads/app/.venv/lib/python3.10/site-packages/starlette/middleware/base.py", line 165, in call_next
    raise app_exc
  File "/home/miracle/Downloads/app/.venv/lib/python3.10/site-packages/starlette/middleware/base.py", line 151, in coro
    await self.app(scope, receive_or_disconnect, send_no_error)
  File "/home/miracle/Downloads/app/.venv/lib/python3.10/site-packages/starlette/middleware/trustedhost.py", line 36, in __call__
    await self.app(scope, receive, send)
  File "/home/miracle/Downloads/app/.venv/lib/python3.10/site-packages/starlette/middleware/gzip.py", line 24, in __call__
    await responder(scope, receive, send)
  File "/home/miracle/Downloads/app/.venv/lib/python3.10/site-packages/starlette/middleware/gzip.py", line 44, in __call__
    await self.app(scope, receive, self.send_with_gzip)
  File "/home/miracle/Downloads/app/.venv/lib/python3.10/site-packages/starlette/middleware/cors.py", line 93, in __call__
    await self.simple_response(scope, receive, send, request_headers=headers)
  File "/home/miracle/Downloads/app/.venv/lib/python3.10/site-packages/starlette/middleware/cors.py", line 148, in simple_response
    await self.app(scope, receive, send)
  File "/home/miracle/Downloads/app/.venv/lib/python3.10/site-packages/starlette/middleware/exceptions.py", line 65, in __call__
    await wrap_app_handling_exceptions(self.app, conn)(scope, receive, send)
  File "/home/miracle/Downloads/app/.venv/lib/python3.10/site-packages/starlette/_exception_handler.py", line 64, in wrapped_app
    raise exc
  File "/home/miracle/Downloads/app/.venv/lib/python3.10/site-packages/starlette/_exception_handler.py", line 53, in wrapped_app
    await app(scope, receive, sender)
  File "/home/miracle/Downloads/app/.venv/lib/python3.10/site-packages/starlette/routing.py", line 756, in __call__
    await self.middleware_stack(scope, receive, send)
  File "/home/miracle/Downloads/app/.venv/lib/python3.10/site-packages/starlette/routing.py", line 776, in app
    await route.handle(scope, receive, send)
  File "/home/miracle/Downloads/app/.venv/lib/python3.10/site-packages/starlette/routing.py", line 297, in handle
    await self.app(scope, receive, send)
  File "/home/miracle/Downloads/app/.venv/lib/python3.10/site-packages/starlette/routing.py", line 77, in app
    await wrap_app_handling_exceptions(app, request)(scope, receive, send)
  File "/home/miracle/Downloads/app/.venv/lib/python3.10/site-packages/starlette/_exception_handler.py", line 64, in wrapped_app
    raise exc
  File "/home/miracle/Downloads/app/.venv/lib/python3.10/site-packages/starlette/_exception_handler.py", line 53, in wrapped_app
    await app(scope, receive, sender)
  File "/home/miracle/Downloads/app/.venv/lib/python3.10/site-packages/starlette/routing.py", line 72, in app
    response = await func(request)
  File "/home/miracle/Downloads/app/.venv/lib/python3.10/site-packages/fastapi/routing.py", line 269, in app
    solved_result = await solve_dependencies(
  File "/home/miracle/Downloads/app/.venv/lib/python3.10/site-packages/fastapi/dependencies/utils.py", line 628, in solve_dependencies
    ) = await request_body_to_args(  # body_params checked above
  File "/home/miracle/Downloads/app/.venv/lib/python3.10/site-packages/fastapi/dependencies/utils.py", line 758, in request_body_to_args
    v_, errors_ = field.validate(value, values, loc=loc)
  File "/home/miracle/Downloads/app/.venv/lib/python3.10/site-packages/fastapi/_compat.py", line 127, in validate
    self._type_adapter.validate_python(value, from_attributes=True),
  File "/home/miracle/Downloads/app/.venv/lib/python3.10/site-packages/pydantic/type_adapter.py", line 260, in validate_python
    return self.validator.validate_python(object, strict=strict, from_attributes=from_attributes, context=context)
  File "/home/miracle/Downloads/app/schemas/task.py", line 35, in validate_due_date
    if self.due_date and self.due_date < datetime.utcnow():
TypeError: can't compare offset-naive and offset-aware datetimes
2026-05-29 10:37:30 ERROR exceptions ValidationError on http://127.0.0.1:8000/tasks: [{'type': 'value_error', 'loc': ('body',), 'msg': 'Value error, Due date cannot be in the past', 'input': {'title': 'string', 'description': 'string', 'priority': 'medium', 'tags': [], 'due_date': '2026-05-29T05:07:13.085Z'}, 'ctx': {'error': ValueError('Due date cannot be in the past')}}]
2026-05-29 10:37:30 CRITICAL exceptions Unhandled exception on http://127.0.0.1:8000/tasks: Object of type ValueError is not JSON serializable
  + Exception Group Traceback (most recent call last):
  |   File "/home/miracle/Downloads/app/.venv/lib/python3.10/site-packages/starlette/_utils.py", line 87, in collapse_excgroups
  |     yield
  |   File "/home/miracle/Downloads/app/.venv/lib/python3.10/site-packages/starlette/middleware/base.py", line 190, in __call__
  |     async with anyio.create_task_group() as task_group:
  |   File "/home/miracle/Downloads/app/.venv/lib/python3.10/site-packages/anyio/_backends/_asyncio.py", line 799, in __aexit__
  |     raise BaseExceptionGroup(
  | exceptiongroup.ExceptionGroup: unhandled errors in a TaskGroup (1 sub-exception)
  +-+---------------- 1 ----------------
    | Traceback (most recent call last):
    |   File "/home/miracle/Downloads/app/.venv/lib/python3.10/site-packages/starlette/middleware/errors.py", line 164, in __call__
    |     await self.app(scope, receive, _send)
    |   File "/home/miracle/Downloads/app/.venv/lib/python3.10/site-packages/starlette/middleware/base.py", line 189, in __call__
    |     with collapse_excgroups():
    |   File "/usr/lib/python3.10/contextlib.py", line 153, in __exit__
    |     self.gen.throw(typ, value, traceback)
    |   File "/home/miracle/Downloads/app/.venv/lib/python3.10/site-packages/starlette/_utils.py", line 93, in collapse_excgroups
    |     raise exc
    |   File "/home/miracle/Downloads/app/.venv/lib/python3.10/site-packages/starlette/middleware/base.py", line 191, in __call__
    |     response = await self.dispatch_func(request, call_next)
    |   File "/home/miracle/Downloads/app/middleware/middlewares.py", line 21, in dispatch
    |     response = await call_next(request)
    |   File "/home/miracle/Downloads/app/.venv/lib/python3.10/site-packages/starlette/middleware/base.py", line 165, in call_next
    |     raise app_exc
    |   File "/home/miracle/Downloads/app/.venv/lib/python3.10/site-packages/starlette/middleware/base.py", line 151, in coro
    |     await self.app(scope, receive_or_disconnect, send_no_error)
    |   File "/home/miracle/Downloads/app/.venv/lib/python3.10/site-packages/starlette/middleware/base.py", line 189, in __call__
    |     with collapse_excgroups():
    |   File "/usr/lib/python3.10/contextlib.py", line 153, in __exit__
    |     self.gen.throw(typ, value, traceback)
    |   File "/home/miracle/Downloads/app/.venv/lib/python3.10/site-packages/starlette/_utils.py", line 93, in collapse_excgroups
    |     raise exc
    |   File "/home/miracle/Downloads/app/.venv/lib/python3.10/site-packages/starlette/middleware/base.py", line 191, in __call__
    |     response = await self.dispatch_func(request, call_next)
    |   File "/home/miracle/Downloads/app/middleware/middlewares.py", line 31, in dispatch
    |     response = await call_next(request)
    |   File "/home/miracle/Downloads/app/.venv/lib/python3.10/site-packages/starlette/middleware/base.py", line 165, in call_next
    |     raise app_exc
    |   File "/home/miracle/Downloads/app/.venv/lib/python3.10/site-packages/starlette/middleware/base.py", line 151, in coro
    |     await self.app(scope, receive_or_disconnect, send_no_error)
    |   File "/home/miracle/Downloads/app/.venv/lib/python3.10/site-packages/starlette/middleware/trustedhost.py", line 36, in __call__
    |     await self.app(scope, receive, send)
    |   File "/home/miracle/Downloads/app/.venv/lib/python3.10/site-packages/starlette/middleware/gzip.py", line 24, in __call__
    |     await responder(scope, receive, send)
    |   File "/home/miracle/Downloads/app/.venv/lib/python3.10/site-packages/starlette/middleware/gzip.py", line 44, in __call__
    |     await self.app(scope, receive, self.send_with_gzip)
    |   File "/home/miracle/Downloads/app/.venv/lib/python3.10/site-packages/starlette/middleware/cors.py", line 93, in __call__
    |     await self.simple_response(scope, receive, send, request_headers=headers)
    |   File "/home/miracle/Downloads/app/.venv/lib/python3.10/site-packages/starlette/middleware/cors.py", line 148, in simple_response
    |     await self.app(scope, receive, send)
    |   File "/home/miracle/Downloads/app/.venv/lib/python3.10/site-packages/starlette/middleware/exceptions.py", line 65, in __call__
    |     await wrap_app_handling_exceptions(self.app, conn)(scope, receive, send)
    |   File "/home/miracle/Downloads/app/.venv/lib/python3.10/site-packages/starlette/_exception_handler.py", line 64, in wrapped_app
    |     raise exc
    |   File "/home/miracle/Downloads/app/.venv/lib/python3.10/site-packages/starlette/_exception_handler.py", line 53, in wrapped_app
    |     await app(scope, receive, sender)
    |   File "/home/miracle/Downloads/app/.venv/lib/python3.10/site-packages/starlette/routing.py", line 756, in __call__
    |     await self.middleware_stack(scope, receive, send)
    |   File "/home/miracle/Downloads/app/.venv/lib/python3.10/site-packages/starlette/routing.py", line 776, in app
    |     await route.handle(scope, receive, send)
    |   File "/home/miracle/Downloads/app/.venv/lib/python3.10/site-packages/starlette/routing.py", line 297, in handle
    |     await self.app(scope, receive, send)
    |   File "/home/miracle/Downloads/app/.venv/lib/python3.10/site-packages/starlette/routing.py", line 77, in app
    |     await wrap_app_handling_exceptions(app, request)(scope, receive, send)
    |   File "/home/miracle/Downloads/app/.venv/lib/python3.10/site-packages/starlette/_exception_handler.py", line 75, in wrapped_app
    |     response = await handler(conn, exc)
    |   File "/home/miracle/Downloads/app/exceptions/handlers.py", line 44, in validation_error_handler
    |     return JSONResponse(
    |   File "/home/miracle/Downloads/app/.venv/lib/python3.10/site-packages/starlette/responses.py", line 184, in __init__
    |     super().__init__(content, status_code, headers, media_type, background)
    |   File "/home/miracle/Downloads/app/.venv/lib/python3.10/site-packages/starlette/responses.py", line 41, in __init__
    |     self.body = self.render(content)
    |   File "/home/miracle/Downloads/app/.venv/lib/python3.10/site-packages/starlette/responses.py", line 187, in render
    |     return json.dumps(
    |   File "/usr/lib/python3.10/json/__init__.py", line 238, in dumps
    |     **kw).encode(obj)
    |   File "/usr/lib/python3.10/json/encoder.py", line 199, in encode
    |     chunks = self.iterencode(o, _one_shot=True)
    |   File "/usr/lib/python3.10/json/encoder.py", line 257, in iterencode
    |     return _iterencode(o, 0)
    |   File "/usr/lib/python3.10/json/encoder.py", line 179, in default
    |     raise TypeError(f'Object of type {o.__class__.__name__} '
    | TypeError: Object of type ValueError is not JSON serializable
    +------------------------------------

During handling of the above exception, another exception occurred:

Traceback (most recent call last):
  File "/home/miracle/Downloads/app/.venv/lib/python3.10/site-packages/starlette/middleware/errors.py", line 164, in __call__
    await self.app(scope, receive, _send)
  File "/home/miracle/Downloads/app/.venv/lib/python3.10/site-packages/starlette/middleware/base.py", line 189, in __call__
    with collapse_excgroups():
  File "/usr/lib/python3.10/contextlib.py", line 153, in __exit__
    self.gen.throw(typ, value, traceback)
  File "/home/miracle/Downloads/app/.venv/lib/python3.10/site-packages/starlette/_utils.py", line 93, in collapse_excgroups
    raise exc
  File "/home/miracle/Downloads/app/.venv/lib/python3.10/site-packages/starlette/middleware/base.py", line 191, in __call__
    response = await self.dispatch_func(request, call_next)
  File "/home/miracle/Downloads/app/middleware/middlewares.py", line 21, in dispatch
    response = await call_next(request)
  File "/home/miracle/Downloads/app/.venv/lib/python3.10/site-packages/starlette/middleware/base.py", line 165, in call_next
    raise app_exc
  File "/home/miracle/Downloads/app/.venv/lib/python3.10/site-packages/starlette/middleware/base.py", line 151, in coro
    await self.app(scope, receive_or_disconnect, send_no_error)
  File "/home/miracle/Downloads/app/.venv/lib/python3.10/site-packages/starlette/middleware/base.py", line 189, in __call__
    with collapse_excgroups():
  File "/usr/lib/python3.10/contextlib.py", line 153, in __exit__
    self.gen.throw(typ, value, traceback)
  File "/home/miracle/Downloads/app/.venv/lib/python3.10/site-packages/starlette/_utils.py", line 93, in collapse_excgroups
    raise exc
  File "/home/miracle/Downloads/app/.venv/lib/python3.10/site-packages/starlette/middleware/base.py", line 191, in __call__
    response = await self.dispatch_func(request, call_next)
  File "/home/miracle/Downloads/app/middleware/middlewares.py", line 31, in dispatch
    response = await call_next(request)
  File "/home/miracle/Downloads/app/.venv/lib/python3.10/site-packages/starlette/middleware/base.py", line 165, in call_next
    raise app_exc
  File "/home/miracle/Downloads/app/.venv/lib/python3.10/site-packages/starlette/middleware/base.py", line 151, in coro
    await self.app(scope, receive_or_disconnect, send_no_error)
  File "/home/miracle/Downloads/app/.venv/lib/python3.10/site-packages/starlette/middleware/trustedhost.py", line 36, in __call__
    await self.app(scope, receive, send)
  File "/home/miracle/Downloads/app/.venv/lib/python3.10/site-packages/starlette/middleware/gzip.py", line 24, in __call__
    await responder(scope, receive, send)
  File "/home/miracle/Downloads/app/.venv/lib/python3.10/site-packages/starlette/middleware/gzip.py", line 44, in __call__
    await self.app(scope, receive, self.send_with_gzip)
  File "/home/miracle/Downloads/app/.venv/lib/python3.10/site-packages/starlette/middleware/cors.py", line 93, in __call__
    await self.simple_response(scope, receive, send, request_headers=headers)
  File "/home/miracle/Downloads/app/.venv/lib/python3.10/site-packages/starlette/middleware/cors.py", line 148, in simple_response
    await self.app(scope, receive, send)
  File "/home/miracle/Downloads/app/.venv/lib/python3.10/site-packages/starlette/middleware/exceptions.py", line 65, in __call__
    await wrap_app_handling_exceptions(self.app, conn)(scope, receive, send)
  File "/home/miracle/Downloads/app/.venv/lib/python3.10/site-packages/starlette/_exception_handler.py", line 64, in wrapped_app
    raise exc
  File "/home/miracle/Downloads/app/.venv/lib/python3.10/site-packages/starlette/_exception_handler.py", line 53, in wrapped_app
    await app(scope, receive, sender)
  File "/home/miracle/Downloads/app/.venv/lib/python3.10/site-packages/starlette/routing.py", line 756, in __call__
    await self.middleware_stack(scope, receive, send)
  File "/home/miracle/Downloads/app/.venv/lib/python3.10/site-packages/starlette/routing.py", line 776, in app
    await route.handle(scope, receive, send)
  File "/home/miracle/Downloads/app/.venv/lib/python3.10/site-packages/starlette/routing.py", line 297, in handle
    await self.app(scope, receive, send)
  File "/home/miracle/Downloads/app/.venv/lib/python3.10/site-packages/starlette/routing.py", line 77, in app
    await wrap_app_handling_exceptions(app, request)(scope, receive, send)
  File "/home/miracle/Downloads/app/.venv/lib/python3.10/site-packages/starlette/_exception_handler.py", line 75, in wrapped_app
    response = await handler(conn, exc)
  File "/home/miracle/Downloads/app/exceptions/handlers.py", line 44, in validation_error_handler
    return JSONResponse(
  File "/home/miracle/Downloads/app/.venv/lib/python3.10/site-packages/starlette/responses.py", line 184, in __init__
    super().__init__(content, status_code, headers, media_type, background)
  File "/home/miracle/Downloads/app/.venv/lib/python3.10/site-packages/starlette/responses.py", line 41, in __init__
    self.body = self.render(content)
  File "/home/miracle/Downloads/app/.venv/lib/python3.10/site-packages/starlette/responses.py", line 187, in render
    return json.dumps(
  File "/usr/lib/python3.10/json/__init__.py", line 238, in dumps
    **kw).encode(obj)
  File "/usr/lib/python3.10/json/encoder.py", line 199, in encode
    chunks = self.iterencode(o, _one_shot=True)
  File "/usr/lib/python3.10/json/encoder.py", line 257, in iterencode
    return _iterencode(o, 0)
  File "/usr/lib/python3.10/json/encoder.py", line 179, in default
    raise TypeError(f'Object of type {o.__class__.__name__} '
TypeError: Object of type ValueError is not JSON serializable
2026-05-29 10:41:05 ERROR exceptions ValidationError on http://127.0.0.1:8000/tasks: [{'type': 'value_error', 'loc': ('body',), 'msg': 'Value error, Due date cannot be in the past', 'input': {'title': 'string', 'description': 'string', 'priority': 'medium', 'tags': [], 'due_date': '2026-05-29T05:10:51.020Z'}, 'ctx': {'error': ValueError('Due date cannot be in the past')}}]
2026-05-29 10:44:25 ERROR exceptions ValidationError on http://127.0.0.1:8000/tasks: [{'type': 'json_invalid', 'loc': ('body', 60), 'msg': 'JSON decode error', 'input': {}, 'ctx': {'error': "Expecting ',' delimiter"}}]
2026-05-29 10:50:23 ERROR exceptions ValidationError on http://127.0.0.1:8000/tasks: [{'type': 'value_error', 'loc': ('body', 'due_date'), 'msg': 'Value error, Due date cannot be in the past', 'input': '2026-05-29T05:19:36.968Z', 'ctx': {'error': ValueError('Due date cannot be in the past')}}]
2026-05-29 10:53:53 ERROR exceptions ValidationError on http://127.0.0.1:8000/tasks/1: [{'type': 'value_error', 'loc': ('body', 'due_date'), 'msg': 'Value error, Due date cannot be in the past', 'input': '2026-05-29T05:23:25.205Z', 'ctx': {'error': ValueError('Due date cannot be in the past')}}]
2026-05-29 10:58:36 ERROR exceptions ValidationError on http://127.0.0.1:8000/tasks/2/upload: [{'type': 'missing', 'loc': ('body', 'file'), 'msg': 'Field required', 'input': None}]
2026-06-01 14:51:40 ERROR exceptions ValidationError on http://testserver/tasks: [{'type': 'value_error', 'loc': ('body', 'title'), 'msg': 'Value error, Title must be at least 3 characters', 'input': 'AB', 'ctx': {'error': ValueError('Title must be at least 3 characters')}}]
2026-06-01 14:51:45 ERROR exceptions HTTPException 401 on http://testserver/tasks: Not authenticated — provide a Bearer token or X-API-Key
2026-06-01 14:51:47 ERROR exceptions ValidationError on http://testserver/users: [{'type': 'value_error', 'loc': ('body', 'age'), 'msg': 'Value error, Age must be 18 or above', 'input': 16, 'ctx': {'error': ValueError('Age must be 18 or above')}}]
2026-06-01 14:51:48 ERROR exceptions HTTPException 401 on http://testserver/users/login: Invalid credentials
2026-06-01 14:54:37 ERROR exceptions ValidationError on http://testserver/tasks: [{'type': 'value_error', 'loc': ('body', 'title'), 'msg': 'Value error, Title must be at least 3 characters', 'input': 'AB', 'ctx': {'error': ValueError('Title must be at least 3 characters')}}]
2026-06-01 14:54:43 ERROR exceptions HTTPException 401 on http://testserver/tasks: Not authenticated — provide a Bearer token or X-API-Key
2026-06-01 14:54:44 ERROR exceptions ValidationError on http://testserver/users: [{'type': 'value_error', 'loc': ('body', 'age'), 'msg': 'Value error, Age must be 18 or above', 'input': 16, 'ctx': {'error': ValueError('Age must be 18 or above')}}]
2026-06-01 14:54:45 ERROR exceptions HTTPException 401 on http://testserver/users/login: Invalid credentials
2026-06-01 15:33:45 ERROR exceptions HTTPException 401 on http://127.0.0.1:8000/tasks: Invalid API key
2026-06-01 15:36:57 ERROR exceptions HTTPException 401 on http://127.0.0.1:8000/tasks: Invalid API key
